[2026-09-15 01:23:00] [NGXSafeInitializeLog:139] App logging hooks successfully initialized
[2026-09-15 01:23:00] [NGXGetPathUsingQAI:512] Path to driverStore found using QAI: C:\Windows\System32\DriverStore\FileRepository\nvmdi.inf_amd64_21e6b42b376b80b2
[2026-09-15 01:23:00] [NGXGetPath:1046] using path for models: C:\ProgramData\NVIDIA\NGX\models
[2026-09-15 01:23:00] [NGXGetPath:1046] using path for models: C:\ProgramData\NVIDIA\NGX\models
[2026-09-15 01:23:00] [ModifyExistingFolderDACL:211] updated access control list for NGX cache (NGX cache should now be usable by all authenticated users)
[2026-09-15 01:23:00] [NGXCreateModelsFolder:1073] model folder created: C:\ProgramData\NVIDIA\NGX\models
[2026-09-15 01:23:00] [NGXLoadConfig:1145] [dlss]
[2026-09-15 01:23:00] [NGXLoadConfig:1151] app_E658702=0.0.0
[2026-09-15 01:23:00] [NGXLoadConfig:1151] app_E658701=0.0.0
[2026-09-15 01:23:00] [NGXLoadConfig:1151] app_B9FEB50=1.0.108
[2026-09-15 01:23:00] [NGXLoadConfig:1151] app_B9FF4BC=1.0.108
[2026-09-15 01:23:00] [NGXLoadConfig:1151] app_B9FD524=1.0.108
[2026-09-15 01:23:00] [NGXLoadConfig:1151] app_B9DF510=1.3.106
[2026-09-15 01:23:00] [NGXLoadConfig:1151] app_B9CB0B8=1.0.108
[2026-09-15 01:23:00] [NGXLoadConfig:1151] app_B9E26B0=2.1.28
[2026-09-15 01:23:00] [NGXLoadConfig:1151] app_B9D48D0=1.0.108
[2026-09-15 01:23:00] [NGXLoadConfig:1151] app_E99B5EC=1.2.109
[2026-09-15 01:23:00] [NGXLoadConfig:1151] app_B9DFA64=1.0.108
[2026-09-15 01:23:00] [NGXLoadConfig:1151] app_B9FD6C0=1.0.108
[2026-09-15 01:23:00] [NGXLoadConfig:1151] app_B9CF688=2.2.15
[2026-09-15 01:23:00] [NGXLoadConfig:1151] app_B9D6F08=1.0.108
[2026-09-15 01:23:00] [NGXLoadConfig:1151] app_B9BF564=2.1.201
[2026-09-15 01:23:00] [NGXLoadConfig:1151] app_B9DB4F4=1.0.108
[2026-09-15 01:23:00] [NGXLoadConfig:1151] app_B9D2F5C=1.2.110
[2026-09-15 01:23:00] [NGXLoadConfig:1151] app_B9D7388=1.0.108
[2026-09-15 01:23:00] [NGXLoadConfig:1151] app_B9F5618=2.1.29
[2026-09-15 01:23:00] [NGXLoadConfig:1151] app_B9DAE68=1.2.109
[2026-09-15 01:23:00] [NGXLoadConfig:1151] app_B9D8C54=1.2.109
[2026-09-15 01:23:00] [NGXLoadConfig:1151] app_B9D3EF0=2.1.28
[2026-09-15 01:23:00] [NGXLoadConfig:1151] app_B9FACDC=2.1.201
[2026-09-15 01:23:00] [NGXLoadConfig:1151] app_F7361DC=2.1.28
[2026-09-15 01:23:00] [NGXLoadConfig:1151] app_B9C3560=2.1.201
[2026-09-15 01:23:00] [NGXLoadConfig:1151] app_B9B0430=2.1.28
[2026-09-15 01:23:00] [NGXLoadConfig:1151] app_E658700=310.9.0
[2026-09-15 01:23:00] [NGXLoadConfig:1151] app_B9DB490=2.3.4
[2026-09-15 01:23:00] [NGXLoadConfig:1145] [dlisp]
[2026-09-15 01:23:00] [NGXLoadConfig:1151] app_B9CF688=2.1.15
[2026-09-15 01:23:00] [NGXLoadConfig:1151] app_E99B5EC=1.2.102
[2026-09-15 01:23:00] [NGXLoadConfig:1151] app_E658703=310.0.0
[2026-09-15 01:23:00] [NGXLoadConfig:1151] app_B9D8C54=1.2.106
[2026-09-15 01:23:00] [NGXLoadConfig:1151] app_B9D2F5C=1.2.106
[2026-09-15 01:23:00] [NGXLoadConfig:1151] app_B9DF510=1.3.101
[2026-09-15 01:23:00] [NGXLoadConfig:1151] app_B9DAE68=1.2.106
[2026-09-15 01:23:00] [NGXLoadConfig:1145] [dlss_override]
[2026-09-15 01:23:00] [NGXLoadConfig:1151] app_E658700=310.9.0
[2026-09-15 01:23:00] [NGXLoadConfig:1145] [sl_sdk_0]
[2026-09-15 01:23:00] [NGXLoadConfig:1151] app_E658703=2.14.0
[2026-09-15 01:23:00] [NGXLoadConfig:1145] [sl_common_0]
[2026-09-15 01:23:00] [NGXLoadConfig:1151] app_E658703=2.14.0
[2026-09-15 01:23:00] [NGXLoadConfig:1145] [sl_deepdvc_0]
[2026-09-15 01:23:00] [NGXLoadConfig:1151] app_E658703=2.14.0
[2026-09-15 01:23:00] [NGXLoadConfig:1145] [sl_dlss_0]
[2026-09-15 01:23:00] [NGXLoadConfig:1151] app_E658703=2.14.0
[2026-09-15 01:23:00] [NGXLoadConfig:1145] [sl_dlss_d_0]
[2026-09-15 01:23:00] [NGXLoadConfig:1151] app_E658703=2.14.0
[2026-09-15 01:23:00] [NGXLoadConfig:1145] [sl_dlss_g_0]
[2026-09-15 01:23:00] [NGXLoadConfig:1151] app_E658703=2.14.0
[2026-09-15 01:23:00] [NGXLoadConfig:1145] [sl_nis_0]
[2026-09-15 01:23:00] [NGXLoadConfig:1151] app_E658703=2.14.0
[2026-09-15 01:23:00] [NGXLoadConfig:1145] [sl_deepdvc_override_0]
[2026-09-15 01:23:00] [NGXLoadConfig:1151] app_E658700=2.14.0
[2026-09-15 01:23:00] [NGXLoadConfig:1145] [sl_nvperf_0]
[2026-09-15 01:23:00] [NGXLoadConfig:1151] app_E658703=2.14.0
[2026-09-15 01:23:00] [NGXLoadConfig:1145] [sl_pcl_0]
[2026-09-15 01:23:00] [NGXLoadConfig:1151] app_E658703=2.14.0
[2026-09-15 01:23:00] [NGXLoadConfig:1145] [sl_reflex_0]
[2026-09-15 01:23:00] [NGXLoadConfig:1151] app_E658703=2.14.0
[2026-09-15 01:23:00] [NGXLoadConfig:1145] [dlssd]
[2026-09-15 01:23:00] [NGXLoadConfig:1151] app_E658700=310.9.0
[2026-09-15 01:23:00] [NGXLoadConfig:1145] [dlssg]
[2026-09-15 01:23:00] [NGXLoadConfig:1151] app_E658700=310.9.0
[2026-09-15 01:23:00] [NGXLoadConfig:1145] [sl_sdk_override_0]
[2026-09-15 01:23:00] [NGXLoadConfig:1151] app_E658700=2.14.0
[2026-09-15 01:23:00] [NGXLoadConfig:1145] [sl_dlss_g_override_0]
[2026-09-15 01:23:00] [NGXLoadConfig:1151] app_E658700=2.14.0
[2026-09-15 01:23:00] [NGXLoadConfig:1145] [sl_common_override_0]
[2026-09-15 01:23:00] [NGXLoadConfig:1151] app_E658700=2.14.0
[2026-09-15 01:23:00] [NGXLoadConfig:1145] [sl_dlss_override_0]
[2026-09-15 01:23:00] [NGXLoadConfig:1151] app_E658700=2.14.0
[2026-09-15 01:23:00] [NGXLoadConfig:1145] [sl_nis_override_0]
[2026-09-15 01:23:00] [NGXLoadConfig:1151] app_E658700=2.14.0
[2026-09-15 01:23:00] [NGXLoadConfig:1145] [sl_dlss_d_override_0]
[2026-09-15 01:23:00] [NGXLoadConfig:1151] app_E658700=2.14.0
[2026-09-15 01:23:00] [NGXLoadConfig:1145] [sl_nvperf_override_0]
[2026-09-15 01:23:00] [NGXLoadConfig:1151] app_E658700=2.14.0
[2026-09-15 01:23:00] [NGXLoadConfig:1145] [sl_pcl_override_0]
[2026-09-15 01:23:00] [NGXLoadConfig:1151] app_E658700=2.14.0
[2026-09-15 01:23:00] [NGXLoadConfig:1145] [sl_reflex_override_0]
[2026-09-15 01:23:00] [NGXLoadConfig:1151] app_E658700=2.14.0
[2026-09-15 01:23:00] [`anonymous-namespace'::LoadMappingFileData:269] listItem.engineVersion .* listItem.genericCMSId 86aa7b4
[2026-09-15 01:23:00] [`anonymous-namespace'::LoadMappingFileData:283]  project id 3F9D696D4363312194B0ECB2671E899F cms id B9FBD50
[2026-09-15 01:23:00] [`anonymous-namespace'::LoadMappingFileData:269] listItem.engineVersion .* listItem.genericCMSId 8618954
[2026-09-15 01:23:00] [`anonymous-namespace'::LoadMappingFileData:269] listItem.engineVersion .* listItem.genericCMSId b9b05cc
[2026-09-15 01:23:00] [`anonymous-namespace'::LoadMappingFileData:269] listItem.engineVersion .* listItem.genericCMSId 876232c
[2026-09-15 01:23:00] [MapProjectId:1879] Found cms id 876232c for engine: custom engineVersion 11.45.14 projectID 3a799712-b54a-407c-82b0-eb3366f0f1e3
[2026-09-15 01:23:00] [NGXDRSInit:182] NvAPI_DRS_FindApplicationByName -166
[2026-09-15 01:23:00] [NGXInitContext:245] called from module libSuperResolutionNGX+win64+release.dll at C:\Users\user\AppData\Roaming\.minecraft\config\super_resolution\libraries
[2026-09-15 01:23:00] [NGXReportStatusFeedback:1103] Override shared memory was opened successfully
[2026-09-15 01:23:00] [NGXReportStatusFeedback:1115] Override shared memory was mapped successfully
[2026-09-15 01:23:00] [NGXReportStatusFeedback:1144] Override feedback found available slot 0
[2026-09-15 01:23:00] [NGXSecureLoadFeature:1384] Feature dlss failed to load (cmsid 141959980) from cache (location: C:\ProgramData\NVIDIA\NGX\models\dlss\versions\0\files, name: 160_876232C.bin)
[2026-09-15 01:23:00] [NGXSecureLoadFeature:1384] Feature dlss failed to load (cmsid 241534723) from cache (location: C:\ProgramData\NVIDIA\NGX\models\dlss\versions\0\files, name: 160_E658703.bin)
[2026-09-15 01:23:00] [NGXSecureLoadFeature:1499] app 876232C feature dlss snippet: C:\Users\user\AppData\Roaming\.minecraft\config\super_resolution\libraries/nvngx_dlss.dll version: 310.7.128
[2026-09-15 01:23:00] [NVSDK_NGX_CreateFeature_Validate:729] app id is 141959980 
[2026-09-15 01:23:27] [NVSDK_NGX_CreateFeature_Validate:729] app id is 141959980 
[2026-09-15 01:23:27] [NVSDK_NGX_CreateFeature_Validate:729] app id is 141959980 
[2026-09-15 01:24:23] [NVSDK_NGX_CreateFeature_Validate:729] app id is 141959980 
[2026-09-15 01:24:52] [NVSDK_NGX_CreateFeature_Validate:729] app id is 141959980 
[2026-09-15 01:25:23] [NVSDK_NGX_CreateFeature_Validate:729] app id is 141959980 
[2026-09-15 01:25:47] [NVSDK_NGX_CreateFeature_Validate:729] app id is 141959980 
[2026-09-15 01:26:03] [NVSDK_NGX_CreateFeature_Validate:729] app id is 141959980 
[2026-09-15 01:26:05] [NVSDK_NGX_CreateFeature_Validate:729] app id is 141959980 
[2026-09-15 01:26:10] [NVSDK_NGX_CreateFeature_Validate:729] app id is 141959980 
[2026-09-15 01:26:13] [NVSDK_NGX_CreateFeature_Validate:729] app id is 141959980 
[2026-09-15 01:26:16] [NVSDK_NGX_CreateFeature_Validate:729] app id is 141959980 
[2026-09-15 01:26:20] [NVSDK_NGX_CreateFeature_Validate:729] app id is 141959980 
[2026-09-15 01:27:32] [NVSDK_NGX_CreateFeature_Validate:729] app id is 141959980 
[2026-09-15 01:27:35] [NVSDK_NGX_CreateFeature_Validate:729] app id is 141959980 
[2026-09-15 01:27:37] [NVSDK_NGX_CreateFeature_Validate:729] app id is 141959980 
[2026-09-15 01:27:39] [NVSDK_NGX_CreateFeature_Validate:729] app id is 141959980 
